Microchip MPLAB XC8 Compiler V1.33 ()

Linker command line:

--edf=C:\Program Files (x86)\Microchip\xc8\v1.33\dat\en_msgs.txt -cs \
  -h+dist/default/production\test_IR.X.production.sym \
  --cmf=dist/default/production\test_IR.X.production.cmf -z -Q12F683 \
  -oC:\Users\User\AppData\Local\Temp\svc.6 \
  -Mdist/default/production/test_IR.X.production.map -E1 -ver=XC8 \
  -ASTACK=046h-06fh -pstack=STACK -ACONST=00h-0FFhx8 -ACODE=00h-07FFh \
  -ASTRCODE=00h-07FFh -AENTRY=00h-0FFhx8 -ASTRING=00h-0FFhx8 \
  -ACOMMON=070h-07Fh -ABANK0=020h-06Fh -ABANK1=0A0h-0BFh \
  -ARAM=020h-06Fh,0A0h-0BFh -AABS1=020h-07Fh,0A0h-0BFh -ASFR0=00h-01Fh \
  -ASFR1=080h-09Fh -preset_vec=00h,intentry,init,end_init -ppowerup=CODE \
  -pcinit=CODE -pfunctab=CODE -ACONFIG=02007h-02007h -pconfig=CONFIG \
  -DCONFIG=2 -AIDLOC=02000h-02003h -pidloc=IDLOC -DIDLOC=2 \
  -AEEDATA=00h-0FFh/02100h -peeprom_data=EEDATA -DEEDATA=2 -DCODE=2 \
  -DSTRCODE=2 -DSTRING=2 -DCONST=2 -DENTRY=2 -k \
  C:\Users\User\AppData\Local\Temp\svc.obj \
  dist/default/production\test_IR.X.production.obj 

Object code version is 3.11

Machine type is 12F683



                Name                               Link     Load   Length Selector   Space Scale
C:\Users\User\AppData\Local\Temp\svc.obj
                end_init                              0        0        1        0       0
                config                             2007     2007        1     400E       0
dist/default/production\test_IR.X.production.obj
                cinit                               7FE      7FE        2      FFC       0
                text2                               727      727       D7      E4E       0
                text1                               687      687       A0      D0E       0
                maintext                            675      675       12      CEA       0
                cstackBANK0                          20       20       26       20       1
                cstackCOMMON                         70       70        E       70       1

TOTAL           Name                               Link     Load   Length     Space
        CLASS   STACK          

        CLASS   CONST          

        CLASS   CODE           
                end_init                              0        0        1         0
                cinit                               7FE      7FE        2         0
                text2                               727      727       D7         0
                text1                               687      687       A0         0
                maintext                            675      675       12         0

        CLASS   STRCODE        

        CLASS   ENTRY          

        CLASS   STRING         

        CLASS   COMMON         
                cstackCOMMON                         70       70        E         1

        CLASS   BANK0          
                cstackBANK0                          20       20       26         1

        CLASS   BANK1          

        CLASS   RAM            

        CLASS   ABS1           
                abs_s1                               7E       7E        2         1

        CLASS   SFR0           

        CLASS   SFR1           

        CLASS   CONFIG         
                config                             2007     2007        1         0

        CLASS   IDLOC          

        CLASS   EEDATA         



SEGMENTS        Name                           Load    Length   Top    Selector   Space  Class     Delta

                reset_vec                      000000  000001  000001         0       0  CODE        2
                cstackBANK0                    000020  000026  000046        20       1  BANK0       1
                cstackCOMMON                   000070  00000E  00007E        70       1  COMMON      1
                maintext                       000675  000012  000687       CEA       0  CODE        2
                text1                          000687  0000A0  000727       D0E       0  CODE        2
                text2                          000727  0000D7  0007FE       E4E       0  CODE        2
                cinit                          0007FE  000002  000800       FFC       0  CODE        2
                config                         002007  000001  002008      400E       0  CONFIG      2


UNUSED ADDRESS RANGES

        Name                Unused          Largest block    Delta
        BANK0            0046-006F             2A           1
        BANK1            00A0-00BF             20           1
        CODE             0001-0674            674           2
        CONST            0001-0674            100           2
        EEDATA           2100-21FF            100           2
        ENTRY            0001-0674            100           2
        IDLOC            2000-2003              4           2
        RAM              0046-006F             2A           1
                         00A0-00BF             20
        SFR0             0000-001F             20           1
        SFR1             0080-009F             20           1
        STACK            0046-006F             2A           1
        STRCODE          0001-0674            674           2
        STRING           0001-0674            100           2

                                  Symbol Table

?_DataCheck               cstackCOMMON 0070
?_InfraredRecive          cstackCOMMON 007C
DataCheck@MyDeviceNo      cstackCOMMON 0075
DataCheck@dt              cstackCOMMON 0070
DataCheck@i               cstackCOMMON 007A
DataCheck@x1              cstackCOMMON 0078
DataCheck@x2              cstackCOMMON 0076
InfraredRecive@IRbit      cstackBANK0  0021
InfraredRecive@MyDeviceNo cstackBANK0  003B
InfraredRecive@ans        cstackBANK0  003C
InfraredRecive@i          cstackBANK0  0042
InfraredRecive@t          cstackBANK0  003E
_ANSEL                    (abs)        009F
_CCP1CON                  (abs)        0015
_CCPR1H                   (abs)        0014
_CCPR1L                   (abs)        0013
_DataCheck                text2        0727
_GP2                      (abs)        002A
_GPIO                     (abs)        0005
_InfraredRecive           text1        0687
_OSCCON                   (abs)        008F
_PR2                      (abs)        0092
_T2CON                    (abs)        0012
_TMR2                     (abs)        0011
_TMR2ON                   (abs)        0092
_TRISIO                   (abs)        0085
__CFG_BOREN$ON            (abs)        0000
__CFG_CP$OFF              (abs)        0000
__CFG_CPD$OFF             (abs)        0000
__CFG_FCMEN$ON            (abs)        0000
__CFG_FOSC$INTOSCCLK      (abs)        0000
__CFG_IESO$ON             (abs)        0000
__CFG_MCLRE$ON            (abs)        0000
__CFG_PWRTE$OFF           (abs)        0000
__CFG_WDTE$ON             (abs)        0000
__Habs1                   abs1         0000
__Hbank0                  bank0        0000
__Hbank1                  bank1        0000
__Hcinit                  cinit        0800
__Hclrtext                clrtext      0000
__Hcode                   code         0000
__Hcommon                 common       0000
__Hconfig                 config       2008
__HcstackBANK0            cstackBANK0  0000
__HcstackCOMMON           cstackCOMMON 0000
__Heeprom_data            eeprom_data  0000
__Hend_init               end_init     0001
__Hfunctab                functab      0000
__Hidloc                  idloc        0000
__Hinit                   init         0000
__Hintentry               intentry     0000
__Hmaintext               maintext     0000
__Hpowerup                powerup      0000
__Hram                    ram          0000
__Hreset_vec              reset_vec    0000
__Hsfr0                   sfr0         0000
__Hsfr1                   sfr1         0000
__Hspace_0                (abs)        2008
__Hspace_1                (abs)        007E
__Hspace_2                (abs)        0000
__Hspace_3                (abs)        0000
__Hstack                  stack        0000
__Hstrings                strings      0000
__Htext                   text         0000
__Labs1                   abs1         0000
__Lbank0                  bank0        0000
__Lbank1                  bank1        0000
__Lcinit                  cinit        07FE
__Lclrtext                clrtext      0000
__Lcode                   code         0000
__Lcommon                 common       0000
__Lconfig                 config       2007
__LcstackBANK0            cstackBANK0  0000
__LcstackCOMMON           cstackCOMMON 0000
__Leeprom_data            eeprom_data  0000
__Lend_init               end_init     0000
__Lfunctab                functab      0000
__Lidloc                  idloc        0000
__Linit                   init         0000
__Lintentry               intentry     0000
__Lmaintext               maintext     0000
__Lpowerup                powerup      0000
__Lram                    ram          0000
__Lreset_vec              reset_vec    0000
__Lsfr0                   sfr0         0000
__Lsfr1                   sfr1         0000
__Lspace_0                (abs)        0000
__Lspace_1                (abs)        0000
__Lspace_2                (abs)        0000
__Lspace_3                (abs)        0000
__Lstack                  stack        0000
__Lstrings                strings      0000
__Ltext                   text         0000
__S0                      (abs)        2008
__S1                      (abs)        007E
__S2                      (abs)        0000
__S3                      (abs)        0000
___int_sp                 stack        0000
___latbits                (abs)        0000
___sp                     stack        0000
__end_of_DataCheck        text2        07FE
__end_of_InfraredRecive   text1        0727
__end_of__initialization  cinit        07FE
__end_of_main             maintext     0687
__initialization          cinit        07FE
__pcstackBANK0            cstackBANK0  0020
__pcstackCOMMON           cstackCOMMON 0070
__pmaintext               maintext     0675
__ptext0                  text0        0000
__ptext1                  text1        0687
__ptext2                  text2        0727
__size_of_DataCheck       (abs)        0000
__size_of_InfraredRecive  (abs)        0000
__size_of_main            (abs)        0000
_main                     maintext     0675
btemp                     (abs)        007E
end_of_initialization     cinit        07FE
intlevel0                 functab      0000
intlevel1                 functab      0000
intlevel2                 functab      0000
intlevel3                 functab      0000
intlevel4                 functab      0000
intlevel5                 functab      0000
ltemp                     (abs)        007E
ltemp0                    (abs)        007E
ltemp1                    (abs)        0082
ltemp2                    (abs)        0086
ltemp3                    (abs)        0080
main@ans                  cstackBANK0  0044
reset_vec                 reset_vec    0000
stackhi                   (abs)        0000
stacklo                   (abs)        0000
start                     init         0000
start_initialization      cinit        07FE
ttemp                     (abs)        007E
ttemp0                    (abs)        007E
ttemp1                    (abs)        0081
ttemp2                    (abs)        0084
ttemp3                    (abs)        0087
ttemp4                    (abs)        007F
wtemp                     (abs)        007E
wtemp0                    (abs)        007E
wtemp1                    (abs)        0080
wtemp2                    (abs)        0082
wtemp3                    (abs)        0084
wtemp4                    (abs)        0086
wtemp5                    (abs)        0088
wtemp6                    (abs)        007F


FUNCTION INFORMATION:

 *************** function _main *****************
 Defined at:
		line 51 in file "Recive.c"
 Parameters:    Size  Location     Type
		None
 Auto vars:     Size  Location     Type
  s               6    0        unsigned char [6]
  ans             2   36[BANK0 ] int 
 Return value:  Size  Location     Type
		None               void
 Registers used:
		wreg, fsr0l, fsr0h, status,2, status,0, btemp+1, pclath, cstack
 Tracked objects:
		On entry : 
		On exit  : 
		Unchanged: 
 Data sizes:     COMMON   BANK0   BANK1
      Params:         0       0       0
      Locals:         0       2       0
      Temps:          0       0       0
      Totals:         0       2       0
Total ram usage:        2 bytes
 Hardware stack levels required when called:    2
 This function calls:
		_InfraredRecive
 This function is called by:
		Startup code after reset
 This function uses a non-reentrant model


 *************** function _InfraredRecive *****************
 Defined at:
		line 138 in file "skInfraredCOM.c"
 Parameters:    Size  Location     Type
  MyDeviceNo      1    wreg     unsigned char 
 Auto vars:     Size  Location     Type
  MyDeviceNo      1   27[BANK0 ] unsigned char 
  IRbit          26    1[BANK0 ] unsigned char [26]
  t               4   30[BANK0 ] unsigned long 
  i               2   34[BANK0 ] int 
  ans             2   28[BANK0 ] int 
 Return value:  Size  Location     Type
                  2   12[COMMON] int 
 Registers used:
		wreg, fsr0l, fsr0h, status,2, status,0, btemp+1, pclath, cstack
 Tracked objects:
		On entry : 
		On exit  : 
		Unchanged: 
 Data sizes:     COMMON   BANK0   BANK1
      Params:         2       0       0
      Locals:         0      35       0
      Temps:          0       1       0
      Totals:         2      36       0
Total ram usage:       38 bytes
 Hardware stack levels used:    1
 Hardware stack levels required when called:    1
 This function calls:
		_DataCheck
 This function is called by:
		_main
 This function uses a non-reentrant model


 *************** function _DataCheck *****************
 Defined at:
		line 106 in file "skInfraredCOM.c"
 Parameters:    Size  Location     Type
  MyDeviceNo      1    wreg     unsigned char 
  dt              1    0[COMMON] PTR unsigned char 
		 -> InfraredRecive@IRbit(26), 
 Auto vars:     Size  Location     Type
  MyDeviceNo      1    5[COMMON] unsigned char 
  i               2   10[COMMON] int 
  x1              2    8[COMMON] int 
  x2              2    6[COMMON] int 
 Return value:  Size  Location     Type
                  2    0[COMMON] int 
 Registers used:
		wreg, fsr0l, fsr0h, status,2, status,0, btemp+1
 Tracked objects:
		On entry : 
		On exit  : 
		Unchanged: 
 Data sizes:     COMMON   BANK0   BANK1
      Params:         2       0       0
      Locals:         7       0       0
      Temps:          3       0       0
      Totals:        12       0       0
Total ram usage:       12 bytes
 Hardware stack levels used:    1
 This function calls:
		Nothing
 This function is called by:
		_InfraredRecive
 This function uses a non-reentrant model



MODULE INFORMATION

Module		Function		Class		Link	Load	Size
skInfraredCOM.c
		_DataCheck     		CODE           	0727	0000	215
		_InfraredRecive		CODE           	0687	0000	160

skInfraredCOM.c estimated size: 375

shared
		__initializatio		CODE           	07FE	0000	0

shared estimated size: 0

Recive.c
		_main          		CODE           	0675	0000	18

Recive.c estimated size: 18

